oled12864_I2C.c:34:16:oled_Write_CMD	32	static
oled12864_I2C.c:67:16:oled_Write_Data	32	static
oled12864_I2C.c:97:13:oled_Fill_GDDRAM_Buffer	24	static
oled12864_I2C.c:111:6:I2C_Device_Scan	16	static
oled12864_I2C.c:138:9:oled_Set_Contrast	24	static
oled12864_I2C.c:157:9:oled_Set_Display_Follow_RAM_Or_No	24	static
oled12864_I2C.c:186:9:oled_Set_Display_Normal_Inverse	24	static
oled12864_I2C.c:211:9:oled_Set_Display_ON_OFF	24	static
oled12864_I2C.c:239:9:oled_Set_Column_Start_Addr_PageMode	24	static
oled12864_I2C.c:283:9:oled_Set_Memory_Addr_Mode	24	static
oled12864_I2C.c:321:9:oled_Set_Column_Start_End_Addr_HVMode	24	static
oled12864_I2C.c:359:9:oled_Set_Page_Start_End_Addr_HVMode	24	static
oled12864_I2C.c:392:9:oled_Set_Page_Start_Addr_PageMode	24	static
oled12864_I2C.c:416:9:oled_Set_Display_Start_Line	24	static
oled12864_I2C.c:438:9:oled_Set_Segment_Map	24	static
oled12864_I2C.c:456:9:oled_Set_MUX_Ratio	24	static
oled12864_I2C.c:491:9:oled_Set_Com_Map_Output_Scan_Dirct	24	static
oled12864_I2C.c:520:9:oled_Set_Display_Offset_Vertical	24	static
oled12864_I2C.c:546:9:oled_Set_Com_Pins_Hardware_Config	24	static
oled12864_I2C.c:575:9:oled_Set_Display_Clock_Parameter	24	static
oled12864_I2C.c:601:9:oled_Set_PreCharge_Period	24	static
oled12864_I2C.c:623:9:oled_Set_Vcomh_DeSelect_Level	24	static
oled12864_I2C.c:646:9:oled_Set_Horizontal_Scroll	32	static
oled12864_I2C.c:710:9:oled_Set_Vertical_Horizontal_Scroll	32	static
oled12864_I2C.c:767:9:oled_Set_Scroll_Deactivate	16	static
oled12864_I2C.c:790:9:oled_Set_Scroll_Active	16	static
oled12864_I2C.c:821:9:oled_Set_Vertical_Scroll_Area	24	static
oled12864_I2C.c:849:9:oled_Set_Charge_Pump	24	static
oled12864_I2C.c:879:9:oled_i2c_Init	16	static
oled12864_I2C.c:952:9:oled_Update_Screen	16	static
oled12864_I2C.c:971:9:oled_Fill_Screen_Color	24	static
oled12864_I2C.c:1003:9:oled_Draw_Pixel	24	static
oled12864_I2C.c:1046:6:HAL_I2C_MemTxCpltCallback	16	static
