oled12864_I2C.c:30:16:oled_Write_CMD	40	static
oled12864_I2C.c:46:16:oled_Write_Data	40	static
oled12864_I2C.c:59:13:oled_Filling	24	static
oled12864_I2C.c:73:6:I2C_Device_Scan	16	static
oled12864_I2C.c:100:9:oled_Set_Contrast	24	static
oled12864_I2C.c:116:9:oled_Set_Display_Follow_RAM_Or_No	24	static
oled12864_I2C.c:140:9:oled_Set_Display_Normal_Inverse	24	static
oled12864_I2C.c:162:9:oled_Set_Display_ON_OFF	24	static
oled12864_I2C.c:188:9:oled_Set_Column_Start_Addr_PageMode	24	static
oled12864_I2C.c:224:9:oled_Set_Memory_Addr_Mode	24	static
oled12864_I2C.c:258:9:oled_Set_Column_Start_End_Addr_HVMode	24	static
oled12864_I2C.c:289:9:oled_Set_Page_Start_End_Addr_HVMode	24	static
oled12864_I2C.c:319:9:oled_Set_Page_Start_Addr_PageMode	24	static
oled12864_I2C.c:341:9:oled_Set_Display_Start_Line	24	static
oled12864_I2C.c:360:9:oled_Set_Segment_Map	24	static
oled12864_I2C.c:377:9:oled_Set_MUX_Ratio	24	static
oled12864_I2C.c:401:9:oled_Set_Com_Map_Output_Scan_Dirct	24	static
oled12864_I2C.c:426:9:oled_Set_Display_Offset_Vertical	24	static
oled12864_I2C.c:449:9:oled_Set_Com_Pins_Hardware_Config	24	static
oled12864_I2C.c:477:9:oled_Set_Display_Clock_Parameter	24	static
oled12864_I2C.c:502:9:oled_Set_PreCharge_Period	24	static
oled12864_I2C.c:524:9:oled_Set_Vcomh_DeSelect_Level	24	static
oled12864_I2C.c:547:9:oled_Set_Horizontal_Scroll	32	static
oled12864_I2C.c:611:9:oled_Set_Vertical_Horizontal_Scroll	32	static
oled12864_I2C.c:668:9:oled_Set_Scroll_Deactivate	16	static
oled12864_I2C.c:691:9:oled_Set_Scroll_Active	16	static
oled12864_I2C.c:722:9:oled_Set_Vertical_Scroll_Area	24	static
oled12864_I2C.c:746:9:oled_i2c_Init	16	static
oled12864_I2C.c:814:9:oled_Update_Screen	16	static
