oled12864_I2C.c:42:16:oled_Write_CMD	32	static
oled12864_I2C.c:75:16:oled_Write_Data	32	static
oled12864_I2C.c:105:13:oled_Fill_GDDRAM_Buffer	24	static
oled12864_I2C.c:119:6:I2C_Device_Scan	16	static
oled12864_I2C.c:146:9:oled_Set_Contrast	24	static
oled12864_I2C.c:165:9:oled_Set_Display_Follow_RAM_Or_No	24	static
oled12864_I2C.c:194:9:oled_Set_Display_Normal_Inverse	24	static
oled12864_I2C.c:221:9:oled_Set_Display_ON_OFF	24	static
oled12864_I2C.c:249:9:oled_Set_Column_Start_Addr_PageMode	24	static
oled12864_I2C.c:293:9:oled_Set_Memory_Addr_Mode	24	static
oled12864_I2C.c:331:9:oled_Set_Column_Start_End_Addr_HVMode	24	static
oled12864_I2C.c:369:9:oled_Set_Page_Start_End_Addr_HVMode	24	static
oled12864_I2C.c:402:9:oled_Set_Page_Start_Addr_PageMode	24	static
oled12864_I2C.c:426:9:oled_Set_Display_Start_Line	24	static
oled12864_I2C.c:448:9:oled_Set_Segment_Map	24	static
oled12864_I2C.c:466:9:oled_Set_MUX_Ratio	24	static
oled12864_I2C.c:501:9:oled_Set_Com_Map_Output_Scan_Dirct	24	static
oled12864_I2C.c:530:9:oled_Set_Display_Offset_Vertical	24	static
oled12864_I2C.c:556:9:oled_Set_Com_Pins_Hardware_Config	24	static
oled12864_I2C.c:585:9:oled_Set_Display_Clock_Parameter	24	static
oled12864_I2C.c:611:9:oled_Set_PreCharge_Period	24	static
oled12864_I2C.c:633:9:oled_Set_Vcomh_DeSelect_Level	24	static
oled12864_I2C.c:656:9:oled_Set_Horizontal_Scroll	32	static
oled12864_I2C.c:720:9:oled_Set_Vertical_Horizontal_Scroll	32	static
oled12864_I2C.c:777:9:oled_Set_Scroll_Deactivate	16	static
oled12864_I2C.c:800:9:oled_Set_Scroll_Active	16	static
oled12864_I2C.c:831:9:oled_Set_Vertical_Scroll_Area	24	static
oled12864_I2C.c:859:9:oled_Set_Charge_Pump	24	static
oled12864_I2C.c:889:9:oled_i2c_Init	16	static
oled12864_I2C.c:962:9:oled_Update_Screen	16	static
oled12864_I2C.c:981:9:oled_Fill_Screen_Color	24	static
oled12864_I2C.c:1015:9:oled_Draw_Pixel	16	static
oled12864_I2C.c:1075:9:oled_Draw_Line	16	static
oled12864_I2C.c:1091:9:oled_Draw_Character	32	static
oled12864_I2C.c:1180:6:HAL_I2C_MemTxCpltCallback	16	static
oled12864_I2C.c:1190:6:HAL_I2C_ErrorCallback	16	static
